// Jest Snapshot v1, https://goo.gl/fbAQLP

exports[`Pruebas del componente <CounterApp/> debe mostrar el componente de manera correcta 1`] = `
<Fragment>
  <h1>
    Counter-App
  </h1>
  <p>
    10
  </p>
  <button
    onClick={[Function]}
  >
    +1
  </button>
  <button
    onClick={[Function]}
  >
    Reset
  </button>
  <button
    onClick={[Function]}
  >
    -1
  </button>
</Fragment>
`;
