// Jest Snapshot v1, https://goo.gl/fbAQLP

exports[`Pruebas de PrimeraApp debe mostar <PrimeraApp/> correctamente 1`] = `
<Fragment>
  <h1>
    Hola, Soy Batman!!
  </h1>
  <p>
     Soy un Subtitulo
  </p>
</Fragment>
`;
